=== STAGE1 JEPA pretrain 8000 steps ===
pre 1/8000 l_j=0.7064
pre 100/8000 l_j=0.2611
pre 200/8000 l_j=0.2430
pre 300/8000 l_j=0.2899
pre 400/8000 l_j=0.2652
pre 500/8000 l_j=0.1992
pre 600/8000 l_j=0.2543
pre 700/8000 l_j=0.2076
pre 800/8000 l_j=0.2273
pre 900/8000 l_j=0.2018
pre 1000/8000 l_j=0.1357
pre 1100/8000 l_j=0.1525
pre 1200/8000 l_j=0.1900
pre 1300/8000 l_j=0.1364
pre 1400/8000 l_j=0.1099
pre 1500/8000 l_j=0.1073
pre 1600/8000 l_j=0.1511
pre 1700/8000 l_j=0.1409
pre 1800/8000 l_j=0.1272
pre 1900/8000 l_j=0.1200
pre 2000/8000 l_j=0.0975
pre 2100/8000 l_j=0.0897
pre 2200/8000 l_j=0.1095
pre 2300/8000 l_j=0.1434
pre 2400/8000 l_j=0.1440
pre 2500/8000 l_j=0.1322
pre 2600/8000 l_j=0.0720
pre 2700/8000 l_j=0.0833
pre 2800/8000 l_j=0.1015
pre 2900/8000 l_j=0.0814
pre 3000/8000 l_j=0.0970
pre 3100/8000 l_j=0.0988
pre 3200/8000 l_j=0.0907
pre 3300/8000 l_j=0.0552
pre 3400/8000 l_j=0.1145
pre 3500/8000 l_j=0.1067
pre 3600/8000 l_j=0.1106
pre 3700/8000 l_j=0.0974
pre 3800/8000 l_j=0.0940
pre 3900/8000 l_j=0.1007
pre 4000/8000 l_j=0.0680
pre 4100/8000 l_j=0.0895
pre 4200/8000 l_j=0.0667
pre 4300/8000 l_j=0.0909
pre 4400/8000 l_j=0.1011
pre 4500/8000 l_j=0.0820
pre 4600/8000 l_j=0.0958
pre 4700/8000 l_j=0.0657
pre 4800/8000 l_j=0.0796
pre 4900/8000 l_j=0.0606
pre 5000/8000 l_j=0.1006
pre 5100/8000 l_j=0.0689
pre 5200/8000 l_j=0.1058
pre 5300/8000 l_j=0.0840
pre 5400/8000 l_j=0.0637
pre 5500/8000 l_j=0.0859
pre 5600/8000 l_j=0.0508
pre 5700/8000 l_j=0.0609
pre 5800/8000 l_j=0.0760
pre 5900/8000 l_j=0.0628
pre 6000/8000 l_j=0.0816
pre 6100/8000 l_j=0.0566
pre 6200/8000 l_j=0.0587
pre 6300/8000 l_j=0.0704
pre 6400/8000 l_j=0.0568
pre 6500/8000 l_j=0.0533
pre 6600/8000 l_j=0.0614
pre 6700/8000 l_j=0.0791
pre 6800/8000 l_j=0.0510
pre 6900/8000 l_j=0.0675
pre 7000/8000 l_j=0.0862
pre 7100/8000 l_j=0.0344
pre 7200/8000 l_j=0.0562
pre 7300/8000 l_j=0.0266
pre 7400/8000 l_j=0.0660
pre 7500/8000 l_j=0.0575
pre 7600/8000 l_j=0.0521
pre 7700/8000 l_j=0.0803
pre 7800/8000 l_j=0.0757
pre 7900/8000 l_j=0.0589
pre 8000/8000 l_j=0.0702
STAGE1_DONE 459.3s
=== STAGE2 seg FT 15000 steps (JEPA off) ===
ft 1/15000 l_seg=4.0180
ft 100/15000 l_seg=2.9638
ft 200/15000 l_seg=2.8618
ft 300/15000 l_seg=2.4303
ft 400/15000 l_seg=2.1838
ft 500/15000 l_seg=1.9795
ft 600/15000 l_seg=1.6393
ft 700/15000 l_seg=1.4787
ft 800/15000 l_seg=1.4166
ft 900/15000 l_seg=1.3861
ft 1000/15000 l_seg=1.1553
ft 1100/15000 l_seg=0.9399
ft 1200/15000 l_seg=1.0928
ft 1300/15000 l_seg=0.7692
ft 1400/15000 l_seg=0.8373
ft 1500/15000 l_seg=0.9460
ft 1600/15000 l_seg=0.5211
ft 1700/15000 l_seg=0.7662
ft 1800/15000 l_seg=0.7698
ft 1900/15000 l_seg=0.7977
ft 2000/15000 l_seg=0.4366
[val@2000] mean_fg_dice=0.3540
ft 2100/15000 l_seg=0.5724
ft 2200/15000 l_seg=0.8368
ft 2300/15000 l_seg=0.6762
ft 2400/15000 l_seg=0.6471
ft 2500/15000 l_seg=0.4514
ft 2600/15000 l_seg=0.5860
ft 2700/15000 l_seg=0.3949
ft 2800/15000 l_seg=0.6787
ft 2900/15000 l_seg=0.5740
ft 3000/15000 l_seg=0.1093
ft 3100/15000 l_seg=0.5200
ft 3200/15000 l_seg=0.5980
ft 3300/15000 l_seg=0.2496
ft 3400/15000 l_seg=0.3626
ft 3500/15000 l_seg=0.2573
ft 3600/15000 l_seg=0.3715
ft 3700/15000 l_seg=0.2702
ft 3800/15000 l_seg=0.5304
ft 3900/15000 l_seg=0.4615
ft 4000/15000 l_seg=0.4493
[val@4000] mean_fg_dice=0.5883
ft 4100/15000 l_seg=0.3505
ft 4200/15000 l_seg=0.3114
ft 4300/15000 l_seg=0.3426
ft 4400/15000 l_seg=0.4229
ft 4500/15000 l_seg=0.3006
ft 4600/15000 l_seg=0.2914
ft 4700/15000 l_seg=0.3641
ft 4800/15000 l_seg=0.4324
ft 4900/15000 l_seg=0.2143
ft 5000/15000 l_seg=0.1552
ft 5100/15000 l_seg=0.3485
ft 5200/15000 l_seg=0.2971
ft 5300/15000 l_seg=0.3680
ft 5400/15000 l_seg=0.1335
ft 5500/15000 l_seg=0.3187
ft 5600/15000 l_seg=0.2899
ft 5700/15000 l_seg=0.3251
ft 5800/15000 l_seg=0.1671
ft 5900/15000 l_seg=0.2965
ft 6000/15000 l_seg=0.2659
[val@6000] mean_fg_dice=0.7392
ft 6100/15000 l_seg=0.1809
ft 6200/15000 l_seg=0.1692
ft 6300/15000 l_seg=0.3067
ft 6400/15000 l_seg=0.1630
ft 6500/15000 l_seg=0.2208
ft 6600/15000 l_seg=0.3291
ft 6700/15000 l_seg=0.1831
ft 6800/15000 l_seg=0.2543
ft 6900/15000 l_seg=0.1639
ft 7000/15000 l_seg=0.1920
ft 7100/15000 l_seg=0.2597
ft 7200/15000 l_seg=0.1485
ft 7300/15000 l_seg=0.1927
ft 7400/15000 l_seg=0.2267
ft 7500/15000 l_seg=0.2497
ft 7600/15000 l_seg=0.2272
ft 7700/15000 l_seg=0.3137
ft 7800/15000 l_seg=0.2065
ft 7900/15000 l_seg=0.1574
ft 8000/15000 l_seg=0.1411
[val@8000] mean_fg_dice=0.7507
ft 8100/15000 l_seg=0.1841
ft 8200/15000 l_seg=0.1682
ft 8300/15000 l_seg=0.2511
ft 8400/15000 l_seg=0.1762
ft 8500/15000 l_seg=0.2628
ft 8600/15000 l_seg=0.1864
ft 8700/15000 l_seg=0.2140
ft 8800/15000 l_seg=0.1643
ft 8900/15000 l_seg=0.1809
ft 9000/15000 l_seg=0.1964
ft 9100/15000 l_seg=0.2225
ft 9200/15000 l_seg=0.1364
ft 9300/15000 l_seg=0.1978
ft 9400/15000 l_seg=0.1816
ft 9500/15000 l_seg=0.2229
ft 9600/15000 l_seg=0.1879
ft 9700/15000 l_seg=0.1989
ft 9800/15000 l_seg=0.2123
ft 9900/15000 l_seg=0.1750
ft 10000/15000 l_seg=0.2368
[val@10000] mean_fg_dice=0.7462
ft 10100/15000 l_seg=0.2335
ft 10200/15000 l_seg=0.0826
ft 10300/15000 l_seg=0.1718
ft 10400/15000 l_seg=0.1462
ft 10500/15000 l_seg=0.2201
ft 10600/15000 l_seg=0.2100
ft 10700/15000 l_seg=0.0827
ft 10800/15000 l_seg=0.1721
ft 10900/15000 l_seg=0.1250
ft 11000/15000 l_seg=0.1673
ft 11100/15000 l_seg=0.1714
ft 11200/15000 l_seg=0.1808
ft 11300/15000 l_seg=0.1772
ft 11400/15000 l_seg=0.1470
ft 11500/15000 l_seg=0.1491
ft 11600/15000 l_seg=0.1121
ft 11700/15000 l_seg=0.1699
ft 11800/15000 l_seg=0.1706
ft 11900/15000 l_seg=0.2010
ft 12000/15000 l_seg=0.0991
[val@12000] mean_fg_dice=0.7428
ft 12100/15000 l_seg=0.1048
ft 12200/15000 l_seg=0.2106
ft 12300/15000 l_seg=0.1652
ft 12400/15000 l_seg=0.1645
ft 12500/15000 l_seg=0.1823
ft 12600/15000 l_seg=0.1878
ft 12700/15000 l_seg=0.2578
ft 12800/15000 l_seg=0.2371
ft 12900/15000 l_seg=0.2340
ft 13000/15000 l_seg=0.1753
ft 13100/15000 l_seg=0.1261
ft 13200/15000 l_seg=0.0767
ft 13300/15000 l_seg=0.2010
ft 13400/15000 l_seg=0.1882
ft 13500/15000 l_seg=0.1340
ft 13600/15000 l_seg=0.1559
ft 13700/15000 l_seg=0.0879
ft 13800/15000 l_seg=0.1891
ft 13900/15000 l_seg=0.1737
ft 14000/15000 l_seg=0.1742
[val@14000] mean_fg_dice=0.7487
ft 14100/15000 l_seg=0.1281
ft 14200/15000 l_seg=0.1946
ft 14300/15000 l_seg=0.1744
ft 14400/15000 l_seg=0.2281
ft 14500/15000 l_seg=0.1413
ft 14600/15000 l_seg=0.0751
ft 14700/15000 l_seg=0.1002
ft 14800/15000 l_seg=0.1427
ft 14900/15000 l_seg=0.1368
ft 15000/15000 l_seg=0.0499
[val@15000] mean_fg_dice=0.7468
{
  "protocol": "B3 JEPA-pretrain then seg-FT (JEPA off)",
  "pre_steps": 8000,
  "ft_steps": 15000,
  "best_val": 0.7506644133105367,
  "val_curve": [
    {
      "step": 2000,
      "mean_fg_dice": 0.35396164899112154
    },
    {
      "step": 4000,
      "mean_fg_dice": 0.5882510898587653
    },
    {
      "step": 6000,
      "mean_fg_dice": 0.7392349839354314
    },
    {
      "step": 8000,
      "mean_fg_dice": 0.7506644133105367
    },
    {
      "step": 10000,
      "mean_fg_dice": 0.7462143610088037
    },
    {
      "step": 12000,
      "mean_fg_dice": 0.7427808527268367
    },
    {
      "step": 14000,
      "mean_fg_dice": 0.7487225915324934
    },
    {
      "step": 15000,
      "mean_fg_dice": 0.7468313854252624
    }
  ]
}
B3_DONE /data/hyc/U-JEPANet/runs/b3_pretrain_ft
